Component: ARM Compiler 5.06 update 7 (build 960) Tool: armlink [4d3601]

==============================================================================

Section Cross References

    main.o(.text) refers to misc.o(.text) for NVIC_PriorityGroupConfig
    main.o(.text) refers to delay.o(.text) for delay_init
    main.o(.text) refers to dac.o(.text) for Relay_Config
    main.o(.text) refers to lowfreq.o(.text) for lF_Delay
    main.o(.text) refers to usart_1.o(.text) for uart_init
    main.o(.text) refers to atoi.o(.text) for atoi
    main.o(.text) refers to usart_1.o(.data) for USART_RX_STA
    main.o(.text) refers to usart_1.o(.bss) for USART_RX_BUF
    system_stm32f10x.o(.text) refers to system_stm32f10x.o(.data) for SystemCoreClock
    stm32f10x_gpio.o(.text) refers to stm32f10x_rcc.o(.text) for RCC_APB2PeriphResetCmd
    stm32f10x_rcc.o(.text) refers to stm32f10x_rcc.o(.data) for APBAHBPrescTable
    stm32f10x_usart.o(.text) refers to stm32f10x_rcc.o(.text) for RCC_APB2PeriphResetCmd
    stm32f10x_adc.o(.text) refers to stm32f10x_rcc.o(.text) for RCC_APB2PeriphResetCmd
    stm32f10x_dac.o(.text) refers to stm32f10x_rcc.o(.text) for RCC_APB1PeriphResetCmd
    stm32f10x_tim.o(.text) refers to stm32f10x_rcc.o(.text) for RCC_APB2PeriphResetCmd
    startup_stm32f10x_hd.o(RESET) refers to startup_stm32f10x_hd.o(STACK) for __initial_sp
    startup_stm32f10x_hd.o(RESET) refers to startup_stm32f10x_hd.o(.text) for Reset_Handler
    startup_stm32f10x_hd.o(RESET) refers to stm32f10x_it.o(.text) for NMI_Handler
    startup_stm32f10x_hd.o(RESET) refers to usart_1.o(.text) for USART1_IRQHandler
    startup_stm32f10x_hd.o(RESET) refers to time.o(.text) for TIM5_IRQHandler
    startup_stm32f10x_hd.o(.text) refers to system_stm32f10x.o(.text) for SystemInit
    startup_stm32f10x_hd.o(.text) refers to entry.o(.ARM.Collect$$$$00000000) for __main
    dac.o(.text) refers to stm32f10x_rcc.o(.text) for RCC_APB2PeriphClockCmd
    dac.o(.text) refers to stm32f10x_gpio.o(.text) for GPIO_Init
    dac.o(.text) refers to stm32f10x_dac.o(.text) for DAC_Init
    dac.o(.text) refers to variables.o(.data) for GLOBAL_VREF
    time.o(.text) refers to stm32f10x_rcc.o(.text) for RCC_APB1PeriphClockCmd
    time.o(.text) refers to stm32f10x_tim.o(.text) for TIM_TimeBaseInit
    time.o(.text) refers to misc.o(.text) for NVIC_Init
    time.o(.text) refers to fmul.o(.text) for __aeabi_fmul
    time.o(.text) refers to fdiv.o(.text) for __aeabi_fdiv
    time.o(.text) refers to ffltui.o(.text) for __aeabi_ui2f
    time.o(.text) refers to ffixui.o(.text) for __aeabi_f2uiz
    time.o(.text) refers to dfltui.o(.text) for __aeabi_ui2d
    time.o(.text) refers to f2d.o(.text) for __aeabi_f2d
    time.o(.text) refers to dadd.o(.text) for __aeabi_dadd
    time.o(.text) refers to cos.o(i.cos) for cos
    time.o(.text) refers to dmul.o(.text) for __aeabi_dmul
    time.o(.text) refers to d2f.o(.text) for __aeabi_d2f
    time.o(.text) refers to dac.o(.text) for Dac1_Set_Vol
    time.o(.text) refers to cfrcmple.o(.text) for __aeabi_cfrcmple
    time.o(.text) refers to fadd.o(.text) for __aeabi_fadd
    time.o(.text) refers to time.o(.data) for PI
    time.o(.text) refers to variables.o(.data) for GLOBAL_VPP
    lowfreq.o(.text) refers to dfltui.o(.text) for __aeabi_ui2d
    lowfreq.o(.text) refers to fflti.o(.text) for __aeabi_i2f
    lowfreq.o(.text) refers to f2d.o(.text) for __aeabi_f2d
    lowfreq.o(.text) refers to ddiv.o(.text) for __aeabi_ddiv
    lowfreq.o(.text) refers to dmul.o(.text) for __aeabi_dmul
    lowfreq.o(.text) refers to dfixui.o(.text) for __aeabi_d2uiz
    lowfreq.o(.text) refers to time.o(.text) for TIMX_General_User_Init
    lowfreq.o(.text) refers to delay.o(.text) for delay_ms
    lowfreq.o(.text) refers to variables.o(.data) for GLOBAL_AMP
    delay.o(.text) refers to misc.o(.text) for SysTick_CLKSourceConfig
    delay.o(.text) refers to system_stm32f10x.o(.data) for SystemCoreClock
    delay.o(.text) refers to delay.o(.data) for fac_us
    usart_1.o(.text) refers to stm32f10x_rcc.o(.text) for RCC_APB2PeriphClockCmd
    usart_1.o(.text) refers to stm32f10x_gpio.o(.text) for GPIO_Init
    usart_1.o(.text) refers to misc.o(.text) for NVIC_Init
    usart_1.o(.text) refers to stm32f10x_usart.o(.text) for USART_Init
    usart_1.o(.text) refers to usart_1.o(.data) for USART_RX_STA
    usart_1.o(.text) refers to usart_1.o(.bss) for USART_RX_BUF
    cos.o(i.__softfp_cos) refers (Special) to iusefp.o(.text) for __I$use$fp
    cos.o(i.__softfp_cos) refers to cos.o(i.cos) for cos
    cos.o(i.cos) refers (Special) to iusefp.o(.text) for __I$use$fp
    cos.o(i.cos) refers to errno.o(i.__set_errno) for __set_errno
    cos.o(i.cos) refers to dunder.o(i.__mathlib_dbl_invalid) for __mathlib_dbl_invalid
    cos.o(i.cos) refers to dunder.o(i.__mathlib_dbl_infnan) for __mathlib_dbl_infnan
    cos.o(i.cos) refers to rred.o(i.__ieee754_rem_pio2) for __ieee754_rem_pio2
    cos.o(i.cos) refers to sin_i.o(i.__kernel_sin) for __kernel_sin
    cos.o(i.cos) refers to cos_i.o(i.__kernel_cos) for __kernel_cos
    cos_x.o(i.____softfp_cos$lsc) refers (Special) to iusefp.o(.text) for __I$use$fp
    cos_x.o(i.____softfp_cos$lsc) refers to cos_x.o(i.__cos$lsc) for __cos$lsc
    cos_x.o(i.__cos$lsc) refers (Special) to iusefp.o(.text) for __I$use$fp
    cos_x.o(i.__cos$lsc) refers to errno.o(i.__set_errno) for __set_errno
    cos_x.o(i.__cos$lsc) refers to dunder.o(i.__mathlib_dbl_infnan) for __mathlib_dbl_infnan
    cos_x.o(i.__cos$lsc) refers to rred.o(i.__ieee754_rem_pio2) for __ieee754_rem_pio2
    cos_x.o(i.__cos$lsc) refers to sin_i.o(i.__kernel_sin) for __kernel_sin
    cos_x.o(i.__cos$lsc) refers to cos_i.o(i.__kernel_cos) for __kernel_cos
    entry.o(.ARM.Collect$$$$00000000) refers (Special) to entry10a.o(.ARM.Collect$$$$0000000F) for __rt_final_cpp
    entry.o(.ARM.Collect$$$$00000000) refers (Special) to entry11a.o(.ARM.Collect$$$$00000011) for __rt_final_exit
    entry.o(.ARM.Collect$$$$00000000) refers (Special) to entry12b.o(.ARM.Collect$$$$0000000E) for __rt_lib_shutdown_fini
    entry.o(.ARM.Collect$$$$00000000) refers (Special) to entry7b.o(.ARM.Collect$$$$00000008) for _main_clock
    entry.o(.ARM.Collect$$$$00000000) refers (Special) to entry8b.o(.ARM.Collect$$$$0000000A) for _main_cpp_init
    entry.o(.ARM.Collect$$$$00000000) refers (Special) to entry9a.o(.ARM.Collect$$$$0000000B) for _main_init
    entry.o(.ARM.Collect$$$$00000000) refers (Special) to entry5.o(.ARM.Collect$$$$00000004) for _main_scatterload
    entry.o(.ARM.Collect$$$$00000000) refers (Special) to entry2.o(.ARM.Collect$$$$00000001) for _main_stk
    atoi.o(.text) refers to errno.o(i.__aeabi_errno_addr) for __aeabi_errno_addr
    atoi.o(.text) refers to strtol.o(.text) for strtol
    fadd.o(.text) refers (Special) to iusefp.o(.text) for __I$use$fp
    fadd.o(.text) refers to fepilogue.o(.text) for _float_epilogue
    fmul.o(.text) refers (Special) to iusefp.o(.text) for __I$use$fp
    fdiv.o(.text) refers (Special) to iusefp.o(.text) for __I$use$fp
    fdiv.o(.text) refers to fepilogue.o(.text) for _float_round
    dadd.o(.text) refers (Special) to iusefp.o(.text) for __I$use$fp
    dadd.o(.text) refers to llshl.o(.text) for __aeabi_llsl
    dadd.o(.text) refers to llsshr.o(.text) for __aeabi_lasr
    dadd.o(.text) refers to depilogue.o(.text) for _double_epilogue
    dmul.o(.text) refers (Special) to iusefp.o(.text) for __I$use$fp
    dmul.o(.text) refers to depilogue.o(.text) for _double_epilogue
    ddiv.o(.text) refers (Special) to iusefp.o(.text) for __I$use$fp
    ddiv.o(.text) refers to depilogue.o(.text) for _double_round
    fflti.o(.text) refers (Special) to iusefp.o(.text) for __I$use$fp
    fflti.o(.text) refers to fepilogue.o(.text) for _float_epilogue
    ffltui.o(.text) refers (Special) to iusefp.o(.text) for __I$use$fp
    ffltui.o(.text) refers to fepilogue.o(.text) for _float_epilogue
    dfltui.o(.text) refers (Special) to iusefp.o(.text) for __I$use$fp
    dfltui.o(.text) refers to depilogue.o(.text) for _double_epilogue
    ffixui.o(.text) refers (Special) to iusefp.o(.text) for __I$use$fp
    dfixui.o(.text) refers (Special) to iusefp.o(.text) for __I$use$fp
    dfixui.o(.text) refers to llushr.o(.text) for __aeabi_llsr
    f2d.o(.text) refers (Special) to iusefp.o(.text) for __I$use$fp
    d2f.o(.text) refers (Special) to iusefp.o(.text) for __I$use$fp
    d2f.o(.text) refers to fepilogue.o(.text) for _float_round
    cfrcmple.o(.text) refers (Special) to iusefp.o(.text) for __I$use$fp
    cos_i.o(i.__kernel_cos) refers (Special) to iusefp.o(.text) for __I$use$fp
    cos_i.o(i.__kernel_cos) refers to dfixi.o(.text) for __aeabi_d2iz
    cos_i.o(i.__kernel_cos) refers to dmul.o(.text) for __aeabi_dmul
    cos_i.o(i.__kernel_cos) refers to poly.o(i.__kernel_poly) for __kernel_poly
    cos_i.o(i.__kernel_cos) refers to dadd.o(.text) for __aeabi_dsub
    cos_i.o(i.__kernel_cos) refers to dscalb.o(.text) for __ARM_scalbn
    cos_i.o(i.__kernel_cos) refers to cos_i.o(.constdata) for .constdata
    cos_i.o(.constdata) refers (Special) to iusefp.o(.text) for __I$use$fp
    dunder.o(i.__mathlib_dbl_divzero) refers to ddiv.o(.text) for __aeabi_ddiv
    dunder.o(i.__mathlib_dbl_infnan) refers to dscalb.o(.text) for __ARM_scalbn
    dunder.o(i.__mathlib_dbl_infnan2) refers to dadd.o(.text) for __aeabi_dadd
    dunder.o(i.__mathlib_dbl_invalid) refers to ddiv.o(.text) for __aeabi_ddiv
    dunder.o(i.__mathlib_dbl_overflow) refers to dscalb.o(.text) for __ARM_scalbn
    dunder.o(i.__mathlib_dbl_posinfnan) refers to dmul.o(.text) for __aeabi_dmul
    dunder.o(i.__mathlib_dbl_underflow) refers to dscalb.o(.text) for __ARM_scalbn
    rred.o(i.__ieee754_rem_pio2) refers (Special) to iusefp.o(.text) for __I$use$fp
    rred.o(i.__ieee754_rem_pio2) refers to dadd.o(.text) for __aeabi_dsub
    rred.o(i.__ieee754_rem_pio2) refers to dmul.o(.text) for __aeabi_dmul
    rred.o(i.__ieee754_rem_pio2) refers to dfixi.o(.text) for __aeabi_d2iz
    rred.o(i.__ieee754_rem_pio2) refers to dflti.o(.text) for __aeabi_i2d
    rred.o(i.__ieee754_rem_pio2) refers to dfltui.o(.text) for __aeabi_ui2d
    rred.o(i.__ieee754_rem_pio2) refers to dscalb.o(.text) for __ARM_scalbn
    rred.o(i.__ieee754_rem_pio2) refers to rred.o(.constdata) for .constdata
    rred.o(i.__use_accurate_range_reduction) refers (Special) to iusefp.o(.text) for __I$use$fp
    rred.o(.constdata) refers (Special) to iusefp.o(.text) for __I$use$fp
    sin_i.o(i.__kernel_sin) refers (Special) to iusefp.o(.text) for __I$use$fp
    sin_i.o(i.__kernel_sin) refers to fpclassify.o(i.__ARM_fpclassify) for __ARM_fpclassify
    sin_i.o(i.__kernel_sin) refers to dunder.o(i.__mathlib_dbl_underflow) for __mathlib_dbl_underflow
    sin_i.o(i.__kernel_sin) refers to dmul.o(.text) for __aeabi_dmul
    sin_i.o(i.__kernel_sin) refers to poly.o(i.__kernel_poly) for __kernel_poly
    sin_i.o(i.__kernel_sin) refers to dscalb.o(.text) for __ARM_scalbn
    sin_i.o(i.__kernel_sin) refers to dadd.o(.text) for __aeabi_dsub
    sin_i.o(i.__kernel_sin) refers to sin_i.o(.constdata) for .constdata
    sin_i.o(.constdata) refers (Special) to iusefp.o(.text) for __I$use$fp
    sin_i_x.o(i.____kernel_sin$lsc) refers (Special) to iusefp.o(.text) for __I$use$fp
    sin_i_x.o(i.____kernel_sin$lsc) refers to dmul.o(.text) for __aeabi_dmul
    sin_i_x.o(i.____kernel_sin$lsc) refers to poly.o(i.__kernel_poly) for __kernel_poly
    sin_i_x.o(i.____kernel_sin$lsc) refers to dscalb.o(.text) for __ARM_scalbn
    sin_i_x.o(i.____kernel_sin$lsc) refers to dadd.o(.text) for __aeabi_dsub
    sin_i_x.o(i.____kernel_sin$lsc) refers to sin_i_x.o(.constdata) for .constdata
    sin_i_x.o(.constdata) refers (Special) to iusefp.o(.text) for __I$use$fp
    entry2.o(.ARM.Collect$$$$00000001) refers to entry2.o(.ARM.Collect$$$$00002712) for __lit__00000000
    entry2.o(.ARM.Collect$$$$00002712) refers to startup_stm32f10x_hd.o(STACK) for __initial_sp
    entry2.o(__vectab_stack_and_reset_area) refers to startup_stm32f10x_hd.o(STACK) for __initial_sp
    entry2.o(__vectab_stack_and_reset_area) refers to entry.o(.ARM.Collect$$$$00000000) for __main
    entry5.o(.ARM.Collect$$$$00000004) refers to init.o(.text) for __scatterload
    entry9a.o(.ARM.Collect$$$$0000000B) refers to main.o(.text) for main
    entry9b.o(.ARM.Collect$$$$0000000C) refers to main.o(.text) for main
    errno.o(i.__aeabi_errno_addr) refers to errno.o(.data) for .data
    errno.o(i.__read_errno) refers to errno.o(.data) for .data
    errno.o(i.__set_errno) refers to errno.o(.data) for .data
    strtol.o(.text) refers to ctype_o.o(.text) for __rt_ctype_table
    strtol.o(.text) refers to _strtoul.o(.text) for _strtoul
    strtol.o(.text) refers to errno.o(i.__aeabi_errno_addr) for __aeabi_errno_addr
    depilogue.o(.text) refers to llshl.o(.text) for __aeabi_llsl
    depilogue.o(.text) refers to llushr.o(.text) for __aeabi_llsr
    fpclassify.o(i.__ARM_fpclassify) refers (Special) to iusefp.o(.text) for __I$use$fp
    poly.o(i.__kernel_poly) refers (Special) to iusefp.o(.text) for __I$use$fp
    poly.o(i.__kernel_poly) refers to dmul.o(.text) for __aeabi_dmul
    poly.o(i.__kernel_poly) refers to dadd.o(.text) for __aeabi_dadd
    init.o(.text) refers to entry5.o(.ARM.Collect$$$$00000004) for __main_after_scatterload
    ctype_o.o(.text) refers to ctype_o.o(.constdata) for .constdata
    ctype_o.o(.constdata) refers to ctype_o.o(.constdata) for __ctype_table
    isalnum_o.o(.text) refers to ctype_o.o(.text) for __rt_ctype_table
    isalpha_o.o(.text) refers to ctype_o.o(.text) for __rt_ctype_table
    isblank_o.o(.text) refers to ctype_o.o(.constdata) for __ctype_table
    iscntrl_o.o(.text) refers to ctype_o.o(.text) for __rt_ctype_table
    isdigit_o.o(.text) refers to ctype_o.o(.text) for __rt_ctype_table
    isgraph_o.o(.text) refers to ctype_o.o(.text) for __rt_ctype_table
    islower_o.o(.text) refers to ctype_o.o(.text) for __rt_ctype_table
    isprint_o.o(.text) refers to ctype_o.o(.text) for __rt_ctype_table
    ispunct_o.o(.text) refers to ctype_o.o(.text) for __rt_ctype_table
    isspace_o.o(.text) refers to ctype_o.o(.text) for __rt_ctype_table
    isupper_o.o(.text) refers to ctype_o.o(.text) for __rt_ctype_table
    isxdigit_o.o(.text) refers to ctype_o.o(.text) for __rt_ctype_table
    _strtoul.o(.text) refers to _chval.o(.text) for _chval
    _strtoul.o(.text) refers to errno.o(i.__aeabi_errno_addr) for __aeabi_errno_addr
    dflti.o(.text) refers to depilogue.o(.text) for _double_epilogue
    dfixi.o(.text) refers to llushr.o(.text) for __aeabi_llsr


==============================================================================

Removing Unused input sections from the image.

    Removing stm32f10x_adc.o(.text), (1102 bytes).
    Removing stm32f10x_crc.o(.text), (72 bytes).
    Removing stm32f10x_exti.o(.text), (284 bytes).
    Removing stm32f10x_rtc.o(.text), (328 bytes).
    Removing core_cm3.o(.emb_text), (32 bytes).
    Removing startup_stm32f10x_hd.o(HEAP), (512 bytes).
    Removing sys.o(.emb_text), (6 bytes).
    Removing sys.o(.text), (12 bytes).

8 unused section(s) (total 2348 bytes) removed from the image.

==============================================================================

Image Symbol Table

    Local Symbols

    Symbol Name                              Value     Ov Type        Size  Object(Section)

    ../clib/microlib/ctype/ctype.c           0x00000000   Number         0  islower_o.o ABSOLUTE
    ../clib/microlib/ctype/ctype.c           0x00000000   Number         0  isprint_o.o ABSOLUTE
    ../clib/microlib/ctype/ctype.c           0x00000000   Number         0  isxdigit_o.o ABSOLUTE
    ../clib/microlib/ctype/ctype.c           0x00000000   Number         0  ispunct_o.o ABSOLUTE
    ../clib/microlib/ctype/ctype.c           0x00000000   Number         0  isspace_o.o ABSOLUTE
    ../clib/microlib/ctype/ctype.c           0x00000000   Number         0  isupper_o.o ABSOLUTE
    ../clib/microlib/ctype/ctype.c           0x00000000   Number         0  isalpha_o.o ABSOLUTE
    ../clib/microlib/ctype/ctype.c           0x00000000   Number         0  isalnum_o.o ABSOLUTE
    ../clib/microlib/ctype/ctype.c           0x00000000   Number         0  isblank_o.o ABSOLUTE
    ../clib/microlib/ctype/ctype.c           0x00000000   Number         0  iscntrl_o.o ABSOLUTE
    ../clib/microlib/ctype/ctype.c           0x00000000   Number         0  ctype_o.o ABSOLUTE
    ../clib/microlib/ctype/ctype.c           0x00000000   Number         0  isdigit_o.o ABSOLUTE
    ../clib/microlib/ctype/ctype.c           0x00000000   Number         0  isgraph_o.o ABSOLUTE
    ../clib/microlib/errno.c                 0x00000000   Number         0  errno.o ABSOLUTE
    ../clib/microlib/init/entry.s            0x00000000   Number         0  entry5.o ABSOLUTE
    ../clib/microlib/init/entry.s            0x00000000   Number         0  entry10a.o ABSOLUTE
    ../clib/microlib/init/entry.s            0x00000000   Number         0  entry10b.o ABSOLUTE
    ../clib/microlib/init/entry.s            0x00000000   Number         0  entry2.o ABSOLUTE
    ../clib/microlib/init/entry.s            0x00000000   Number         0  entry.o ABSOLUTE
    ../clib/microlib/init/entry.s            0x00000000   Number         0  entry12a.o ABSOLUTE
    ../clib/microlib/init/entry.s            0x00000000   Number         0  entry12b.o ABSOLUTE
    ../clib/microlib/init/entry.s            0x00000000   Number         0  entry8b.o ABSOLUTE
    ../clib/microlib/init/entry.s            0x00000000   Number         0  entry8a.o ABSOLUTE
    ../clib/microlib/init/entry.s            0x00000000   Number         0  entry7b.o ABSOLUTE
    ../clib/microlib/init/entry.s            0x00000000   Number         0  entry7a.o ABSOLUTE
    ../clib/microlib/init/entry.s            0x00000000   Number         0  entry11a.o ABSOLUTE
    ../clib/microlib/init/entry.s            0x00000000   Number         0  entry9a.o ABSOLUTE
    ../clib/microlib/init/entry.s            0x00000000   Number         0  entry9b.o ABSOLUTE
    ../clib/microlib/init/entry.s            0x00000000   Number         0  entry11b.o ABSOLUTE
    ../clib/microlib/longlong.c              0x00000000   Number         0  llshl.o ABSOLUTE
    ../clib/microlib/longlong.c              0x00000000   Number         0  llushr.o ABSOLUTE
    ../clib/microlib/longlong.c              0x00000000   Number         0  llsshr.o ABSOLUTE
    ../clib/microlib/stubs.s                 0x00000000   Number         0  useno.o ABSOLUTE
    ../clib/microlib/stubs.s                 0x00000000   Number         0  iusefp.o ABSOLUTE
    ../clib/scanf.c                          0x00000000   Number         0  atoi.o ABSOLUTE
    ../clib/scanf.c                          0x00000000   Number         0  _strtoul.o ABSOLUTE
    ../clib/scanf.c                          0x00000000   Number         0  _chval.o ABSOLUTE
    ../clib/scanf.c                          0x00000000   Number         0  strtol.o ABSOLUTE
    ../fplib/microlib/d2f.c                  0x00000000   Number         0  d2f.o ABSOLUTE
    ../fplib/microlib/f2d.c                  0x00000000   Number         0  f2d.o ABSOLUTE
    ../fplib/microlib/fpadd.c                0x00000000   Number         0  dadd.o ABSOLUTE
    ../fplib/microlib/fpadd.c                0x00000000   Number         0  fadd.o ABSOLUTE
    ../fplib/microlib/fpdiv.c                0x00000000   Number         0  ddiv.o ABSOLUTE
    ../fplib/microlib/fpdiv.c                0x00000000   Number         0  fdiv.o ABSOLUTE
    ../fplib/microlib/fpepilogue.c           0x00000000   Number         0  depilogue.o ABSOLUTE
    ../fplib/microlib/fpepilogue.c           0x00000000   Number         0  fepilogue.o ABSOLUTE
    ../fplib/microlib/fpfix.c                0x00000000   Number         0  ffixui.o ABSOLUTE
    ../fplib/microlib/fpfix.c                0x00000000   Number         0  dfixi.o ABSOLUTE
    ../fplib/microlib/fpfix.c                0x00000000   Number         0  dfixui.o ABSOLUTE
    ../fplib/microlib/fpflt.c                0x00000000   Number         0  fflti.o ABSOLUTE
    ../fplib/microlib/fpflt.c                0x00000000   Number         0  ffltui.o ABSOLUTE
    ../fplib/microlib/fpflt.c                0x00000000   Number         0  dflti.o ABSOLUTE
    ../fplib/microlib/fpflt.c                0x00000000   Number         0  dfltui.o ABSOLUTE
    ../fplib/microlib/fpmul.c                0x00000000   Number         0  fmul.o ABSOLUTE
    ../fplib/microlib/fpmul.c                0x00000000   Number         0  dmul.o ABSOLUTE
    ../fplib/microlib/fpscalb.c              0x00000000   Number         0  dscalb.o ABSOLUTE
    ../mathlib/cos.c                         0x00000000   Number         0  cos.o ABSOLUTE
    ../mathlib/cos.c                         0x00000000   Number         0  cos_x.o ABSOLUTE
    ../mathlib/cos_i.c                       0x00000000   Number         0  cos_i.o ABSOLUTE
    ../mathlib/dunder.c                      0x00000000   Number         0  dunder.o ABSOLUTE
    ../mathlib/fpclassify.c                  0x00000000   Number         0  fpclassify.o ABSOLUTE
    ../mathlib/poly.c                        0x00000000   Number         0  poly.o ABSOLUTE
    ../mathlib/rred.c                        0x00000000   Number         0  rred.o ABSOLUTE
    ../mathlib/sin_i.c                       0x00000000   Number         0  sin_i.o ABSOLUTE
    ../mathlib/sin_i.c                       0x00000000   Number         0  sin_i_x.o ABSOLUTE
    ..\CORE\core_cm3.c                       0x00000000   Number         0  core_cm3.o ABSOLUTE
    ..\CORE\startup_stm32f10x_hd.s           0x00000000   Number         0  startup_stm32f10x_hd.o ABSOLUTE
    ..\FWLIB\src\misc.c                      0x00000000   Number         0  misc.o ABSOLUTE
    ..\FWLIB\src\stm32f10x_adc.c             0x00000000   Number         0  stm32f10x_adc.o ABSOLUTE
    ..\FWLIB\src\stm32f10x_crc.c             0x00000000   Number         0  stm32f10x_crc.o ABSOLUTE
    ..\FWLIB\src\stm32f10x_dac.c             0x00000000   Number         0  stm32f10x_dac.o ABSOLUTE
    ..\FWLIB\src\stm32f10x_exti.c            0x00000000   Number         0  stm32f10x_exti.o ABSOLUTE
    ..\FWLIB\src\stm32f10x_gpio.c            0x00000000   Number         0  stm32f10x_gpio.o ABSOLUTE
    ..\FWLIB\src\stm32f10x_rcc.c             0x00000000   Number         0  stm32f10x_rcc.o ABSOLUTE
    ..\FWLIB\src\stm32f10x_rtc.c             0x00000000   Number         0  stm32f10x_rtc.o ABSOLUTE
    ..\FWLIB\src\stm32f10x_tim.c             0x00000000   Number         0  stm32f10x_tim.o ABSOLUTE
    ..\FWLIB\src\stm32f10x_usart.c           0x00000000   Number         0  stm32f10x_usart.o ABSOLUTE
    ..\HARDWARE\dac.c                        0x00000000   Number         0  dac.o ABSOLUTE
    ..\HARDWARE\lowFreq.c                    0x00000000   Number         0  lowfreq.o ABSOLUTE
    ..\HARDWARE\time.c                       0x00000000   Number         0  time.o ABSOLUTE
    ..\HARDWARE\usart_user.c                 0x00000000   Number         0  usart_user.o ABSOLUTE
    ..\HARDWARE\variables.c                  0x00000000   Number         0  variables.o ABSOLUTE
    ..\SYSTEM\delay\delay.c                  0x00000000   Number         0  delay.o ABSOLUTE
    ..\SYSTEM\sys\sys.c                      0x00000000   Number         0  sys.o ABSOLUTE
    ..\SYSTEM\usart\usart.c                  0x00000000   Number         0  usart_1.o ABSOLUTE
    ..\\CORE\\core_cm3.c                     0x00000000   Number         0  core_cm3.o ABSOLUTE
    ..\\SYSTEM\\sys\\sys.c                   0x00000000   Number         0  sys.o ABSOLUTE
    cfrcmple.s                               0x00000000   Number         0  cfrcmple.o ABSOLUTE
    dc.s                                     0x00000000   Number         0  dc.o ABSOLUTE
    handlers.s                               0x00000000   Number         0  handlers.o ABSOLUTE
    init.s                                   0x00000000   Number         0  init.o ABSOLUTE
    main.c                                   0x00000000   Number         0  main.o ABSOLUTE
    stm32f10x_it.c                           0x00000000   Number         0  stm32f10x_it.o ABSOLUTE
    system_stm32f10x.c                       0x00000000   Number         0  system_stm32f10x.o ABSOLUTE
    RESET                                    0x08000000   Section      304  startup_stm32f10x_hd.o(RESET)
    .ARM.Collect$$$$00000000                 0x08000130   Section        0  entry.o(.ARM.Collect$$$$00000000)
    .ARM.Collect$$$$00000001                 0x08000130   Section        4  entry2.o(.ARM.Collect$$$$00000001)
    .ARM.Collect$$$$00000004                 0x08000134   Section        4  entry5.o(.ARM.Collect$$$$00000004)
    .ARM.Collect$$$$00000008                 0x08000138   Section        0  entry7b.o(.ARM.Collect$$$$00000008)
    .ARM.Collect$$$$0000000A                 0x08000138   Section        0  entry8b.o(.ARM.Collect$$$$0000000A)
    .ARM.Collect$$$$0000000B                 0x08000138   Section        8  entry9a.o(.ARM.Collect$$$$0000000B)
    .ARM.Collect$$$$0000000E                 0x08000140   Section        4  entry12b.o(.ARM.Collect$$$$0000000E)
    .ARM.Collect$$$$0000000F                 0x08000144   Section        0  entry10a.o(.ARM.Collect$$$$0000000F)
    .ARM.Collect$$$$00000011                 0x08000144   Section        0  entry11a.o(.ARM.Collect$$$$00000011)
    .ARM.Collect$$$$00002712                 0x08000144   Section        4  entry2.o(.ARM.Collect$$$$00002712)
    __lit__00000000                          0x08000144   Data           4  entry2.o(.ARM.Collect$$$$00002712)
    .text                                    0x08000148   Section        0  main.o(.text)
    .text                                    0x080001b4   Section        0  stm32f10x_it.o(.text)
    .text                                    0x080001d0   Section        0  system_stm32f10x.o(.text)
    SetSysClockTo72                          0x080001d1   Thumb Code   214  system_stm32f10x.o(.text)
    SetSysClock                              0x080002a7   Thumb Code     8  system_stm32f10x.o(.text)
    .text                                    0x080003b0   Section        0  misc.o(.text)
    .text                                    0x0800048c   Section        0  stm32f10x_gpio.o(.text)
    .text                                    0x080007e8   Section        0  stm32f10x_rcc.o(.text)
    .text                                    0x08000b8c   Section        0  stm32f10x_usart.o(.text)
    .text                                    0x08000f94   Section        0  stm32f10x_dac.o(.text)
    .text                                    0x08001120   Section        0  stm32f10x_tim.o(.text)
    TI4_Config                               0x080015c7   Thumb Code   130  stm32f10x_tim.o(.text)
    TI3_Config                               0x0800165b   Thumb Code   122  stm32f10x_tim.o(.text)
    TI2_Config                               0x080016ef   Thumb Code   130  stm32f10x_tim.o(.text)
    TI1_Config                               0x08001783   Thumb Code   108  stm32f10x_tim.o(.text)
    .text                                    0x08001f3c   Section       36  startup_stm32f10x_hd.o(.text)
    .text                                    0x08001f60   Section        0  dac.o(.text)
    .text                                    0x0800201c   Section        0  time.o(.text)
    .text                                    0x080022f8   Section        0  lowfreq.o(.text)
    .text                                    0x080023c0   Section        0  delay.o(.text)
    .text                                    0x08002494   Section        0  usart_1.o(.text)
    .text                                    0x080025d4   Section        0  atoi.o(.text)
    .text                                    0x080025ee   Section        0  fadd.o(.text)
    .text                                    0x0800269e   Section        0  fmul.o(.text)
    .text                                    0x08002702   Section        0  fdiv.o(.text)
    .text                                    0x0800277e   Section        0  dadd.o(.text)
    .text                                    0x080028cc   Section        0  dmul.o(.text)
    .text                                    0x080029b0   Section        0  ddiv.o(.text)
    .text                                    0x08002a8e   Section        0  fflti.o(.text)
    .text                                    0x08002aa0   Section        0  ffltui.o(.text)
    .text                                    0x08002aaa   Section        0  dfltui.o(.text)
    .text                                    0x08002ac4   Section        0  ffixui.o(.text)
    .text                                    0x08002aec   Section        0  dfixui.o(.text)
    .text                                    0x08002b1e   Section        0  f2d.o(.text)
    .text                                    0x08002b44   Section        0  d2f.o(.text)
    .text                                    0x08002b7c   Section       20  cfrcmple.o(.text)
    .text                                    0x08002b90   Section        0  llshl.o(.text)
    .text                                    0x08002bae   Section        0  llushr.o(.text)
    .text                                    0x08002bce   Section        0  llsshr.o(.text)
    .text                                    0x08002bf2   Section        0  strtol.o(.text)
    .text                                    0x08002c62   Section        0  fepilogue.o(.text)
    .text                                    0x08002c62   Section        0  iusefp.o(.text)
    .text                                    0x08002cd0   Section        0  depilogue.o(.text)
    .text                                    0x08002d8c   Section       36  init.o(.text)
    .text                                    0x08002db0   Section        0  ctype_o.o(.text)
    .text                                    0x08002db8   Section        0  _strtoul.o(.text)
    .text                                    0x08002e56   Section        0  dscalb.o(.text)
    .text                                    0x08002e84   Section        0  dflti.o(.text)
    .text                                    0x08002ea6   Section        0  dfixi.o(.text)
    .text                                    0x08002ee4   Section        0  _chval.o(.text)
    i.__ARM_fpclassify                       0x08002f00   Section        0  fpclassify.o(i.__ARM_fpclassify)
    i.__aeabi_errno_addr                     0x08002f28   Section        0  errno.o(i.__aeabi_errno_addr)
    i.__ieee754_rem_pio2                     0x08002f30   Section        0  rred.o(i.__ieee754_rem_pio2)
    i.__kernel_cos                           0x080032b8   Section        0  cos_i.o(i.__kernel_cos)
    i.__kernel_poly                          0x080033b4   Section        0  poly.o(i.__kernel_poly)
    i.__kernel_sin                           0x08003460   Section        0  sin_i.o(i.__kernel_sin)
    i.__mathlib_dbl_infnan                   0x0800354c   Section        0  dunder.o(i.__mathlib_dbl_infnan)
    i.__mathlib_dbl_invalid                  0x08003552   Section        0  dunder.o(i.__mathlib_dbl_invalid)
    i.__mathlib_dbl_underflow                0x08003560   Section        0  dunder.o(i.__mathlib_dbl_underflow)
    i.__scatterload_copy                     0x08003570   Section       14  handlers.o(i.__scatterload_copy)
    i.__scatterload_null                     0x0800357e   Section        2  handlers.o(i.__scatterload_null)
    i.__scatterload_zeroinit                 0x08003580   Section       14  handlers.o(i.__scatterload_zeroinit)
    i.__set_errno                            0x08003590   Section        0  errno.o(i.__set_errno)
    i.cos                                    0x0800359c   Section        0  cos.o(i.cos)
    .constdata                               0x08003638   Section       48  cos_i.o(.constdata)
    C                                        0x08003638   Data          48  cos_i.o(.constdata)
    .constdata                               0x08003668   Section      200  rred.o(.constdata)
    pio2s                                    0x08003668   Data          48  rred.o(.constdata)
    twooverpi                                0x08003698   Data         152  rred.o(.constdata)
    .constdata                               0x08003730   Section       40  sin_i.o(.constdata)
    S                                        0x08003730   Data          40  sin_i.o(.constdata)
    .constdata                               0x08003758   Section      129  ctype_o.o(.constdata)
    .constdata                               0x080037dc   Section        4  ctype_o.o(.constdata)
    table                                    0x080037dc   Data           4  ctype_o.o(.constdata)
    .data                                    0x20000000   Section       20  system_stm32f10x.o(.data)
    .data                                    0x20000014   Section       20  stm32f10x_rcc.o(.data)
    APBAHBPrescTable                         0x20000014   Data          16  stm32f10x_rcc.o(.data)
    ADCPrescTable                            0x20000024   Data           4  stm32f10x_rcc.o(.data)
    .data                                    0x20000028   Section       20  time.o(.data)
    tem                                      0x20000028   Data           4  time.o(.data)
    VP                                       0x2000002c   Data           4  time.o(.data)
    HD                                       0x20000030   Data           4  time.o(.data)
    FZ                                       0x20000034   Data           4  time.o(.data)
    PI                                       0x20000038   Data           4  time.o(.data)
    .data                                    0x2000003c   Section       21  variables.o(.data)
    .data                                    0x20000052   Section        4  delay.o(.data)
    fac_us                                   0x20000052   Data           1  delay.o(.data)
    fac_ms                                   0x20000054   Data           2  delay.o(.data)
    .data                                    0x20000058   Section        6  usart_1.o(.data)
    .data                                    0x20000060   Section        4  errno.o(.data)
    _errno                                   0x20000060   Data           4  errno.o(.data)
    .bss                                     0x20000064   Section      200  usart_1.o(.bss)
    STACK                                    0x20000130   Section     1024  startup_stm32f10x_hd.o(STACK)

    Global Symbols

    Symbol Name                              Value     Ov Type        Size  Object(Section)

    BuildAttributes$$THM_ISAv4$P$D$K$B$S$PE$A:L22UL41UL21$X:L11$S22US41US21$IEEE1$IW$USESV6$~STKCKD$USESV7$~SHL$OTIME$ROPI$IEEEX$EBA8$MICROLIB$REQ8$PRES8$EABIv2 0x00000000   Number         0  anon$$obj.o ABSOLUTE
    __ARM_use_no_argv                        0x00000000   Number         0  main.o ABSOLUTE
    __use_no_errno                           0x00000000   Number         0  useno.o ABSOLUTE
    __use_no_exception_handling              0x00000000   Number         0  useno.o ABSOLUTE
    __use_no_fp                              0x00000000   Number         0  useno.o ABSOLUTE
    __use_no_heap                            0x00000000   Number         0  useno.o ABSOLUTE
    __use_no_heap_region                     0x00000000   Number         0  useno.o ABSOLUTE
    __use_no_semihosting                     0x00000000   Number         0  useno.o ABSOLUTE
    __use_no_semihosting_swi                 0x00000000   Number         0  useno.o ABSOLUTE
    __use_no_signal_handling                 0x00000000   Number         0  useno.o ABSOLUTE
    __arm_fini_                               - Undefined Weak Reference
    __cpp_initialize__aeabi_                  - Undefined Weak Reference
    __cxa_finalize                            - Undefined Weak Reference
    __decompress                              - Undefined Weak Reference
    _clock_init                               - Undefined Weak Reference
    _microlib_exit                            - Undefined Weak Reference
    __Vectors_Size                           0x00000130   Number         0  startup_stm32f10x_hd.o ABSOLUTE
    __Vectors                                0x08000000   Data           4  startup_stm32f10x_hd.o(RESET)
    __Vectors_End                            0x08000130   Data           0  startup_stm32f10x_hd.o(RESET)
    __main                                   0x08000131   Thumb Code     0  entry.o(.ARM.Collect$$$$00000000)
    _main_stk                                0x08000131   Thumb Code     0  entry2.o(.ARM.Collect$$$$00000001)
    _main_scatterload                        0x08000135   Thumb Code     0  entry5.o(.ARM.Collect$$$$00000004)
    __main_after_scatterload                 0x08000139   Thumb Code     0  entry5.o(.ARM.Collect$$$$00000004)
    _main_clock                              0x08000139   Thumb Code     0  entry7b.o(.ARM.Collect$$$$00000008)
    _main_cpp_init                           0x08000139   Thumb Code     0  entry8b.o(.ARM.Collect$$$$0000000A)
    _main_init                               0x08000139   Thumb Code     0  entry9a.o(.ARM.Collect$$$$0000000B)
    __rt_lib_shutdown_fini                   0x08000141   Thumb Code     0  entry12b.o(.ARM.Collect$$$$0000000E)
    __rt_final_cpp                           0x08000145   Thumb Code     0  entry10a.o(.ARM.Collect$$$$0000000F)
    __rt_final_exit                          0x08000145   Thumb Code     0  entry11a.o(.ARM.Collect$$$$00000011)
    main                                     0x08000149   Thumb Code    92  main.o(.text)
    NMI_Handler                              0x080001b5   Thumb Code     2  stm32f10x_it.o(.text)
    HardFault_Handler                        0x080001b7   Thumb Code     4  stm32f10x_it.o(.text)
    MemManage_Handler                        0x080001bb   Thumb Code     4  stm32f10x_it.o(.text)
    BusFault_Handler                         0x080001bf   Thumb Code     4  stm32f10x_it.o(.text)
    UsageFault_Handler                       0x080001c3   Thumb Code     4  stm32f10x_it.o(.text)
    SVC_Handler                              0x080001c7   Thumb Code     2  stm32f10x_it.o(.text)
    DebugMon_Handler                         0x080001c9   Thumb Code     2  stm32f10x_it.o(.text)
    PendSV_Handler                           0x080001cb   Thumb Code     2  stm32f10x_it.o(.text)
    SysTick_Handler                          0x080001cd   Thumb Code     2  stm32f10x_it.o(.text)
    SystemInit                               0x080002af   Thumb Code    78  system_stm32f10x.o(.text)
    SystemCoreClockUpdate                    0x080002fd   Thumb Code   142  system_stm32f10x.o(.text)
    NVIC_PriorityGroupConfig                 0x080003b1   Thumb Code    10  misc.o(.text)
    NVIC_Init                                0x080003bb   Thumb Code   100  misc.o(.text)
    NVIC_SetVectorTable                      0x0800041f   Thumb Code    14  misc.o(.text)
    NVIC_SystemLPConfig                      0x0800042d   Thumb Code    34  misc.o(.text)
    SysTick_CLKSourceConfig                  0x0800044f   Thumb Code    40  misc.o(.text)
    GPIO_DeInit                              0x0800048d   Thumb Code   172  stm32f10x_gpio.o(.text)
    GPIO_AFIODeInit                          0x08000539   Thumb Code    20  stm32f10x_gpio.o(.text)
    GPIO_Init                                0x0800054d   Thumb Code   278  stm32f10x_gpio.o(.text)
    GPIO_StructInit                          0x08000663   Thumb Code    16  stm32f10x_gpio.o(.text)
    GPIO_ReadInputDataBit                    0x08000673   Thumb Code    18  stm32f10x_gpio.o(.text)
    GPIO_ReadInputData                       0x08000685   Thumb Code     8  stm32f10x_gpio.o(.text)
    GPIO_ReadOutputDataBit                   0x0800068d   Thumb Code    18  stm32f10x_gpio.o(.text)
    GPIO_ReadOutputData                      0x0800069f   Thumb Code     8  stm32f10x_gpio.o(.text)
    GPIO_SetBits                             0x080006a7   Thumb Code     4  stm32f10x_gpio.o(.text)
    GPIO_ResetBits                           0x080006ab   Thumb Code     4  stm32f10x_gpio.o(.text)
    GPIO_WriteBit                            0x080006af   Thumb Code    10  stm32f10x_gpio.o(.text)
    GPIO_Write                               0x080006b9   Thumb Code     4  stm32f10x_gpio.o(.text)
    GPIO_PinLockConfig                       0x080006bd   Thumb Code    18  stm32f10x_gpio.o(.text)
    GPIO_EventOutputConfig                   0x080006cf   Thumb Code    26  stm32f10x_gpio.o(.text)
    GPIO_EventOutputCmd                      0x080006e9   Thumb Code     6  stm32f10x_gpio.o(.text)
    GPIO_PinRemapConfig                      0x080006ef   Thumb Code   138  stm32f10x_gpio.o(.text)
    GPIO_EXTILineConfig                      0x08000779   Thumb Code    66  stm32f10x_gpio.o(.text)
    GPIO_ETH_MediaInterfaceConfig            0x080007bb   Thumb Code     8  stm32f10x_gpio.o(.text)
    RCC_DeInit                               0x080007e9   Thumb Code    64  stm32f10x_rcc.o(.text)
    RCC_HSEConfig                            0x08000829   Thumb Code    70  stm32f10x_rcc.o(.text)
    RCC_GetFlagStatus                        0x0800086f   Thumb Code    56  stm32f10x_rcc.o(.text)
    RCC_WaitForHSEStartUp                    0x080008a7   Thumb Code    56  stm32f10x_rcc.o(.text)
    RCC_AdjustHSICalibrationValue            0x080008df   Thumb Code    20  stm32f10x_rcc.o(.text)
    RCC_HSICmd                               0x080008f3   Thumb Code     6  stm32f10x_rcc.o(.text)
    RCC_PLLConfig                            0x080008f9   Thumb Code    24  stm32f10x_rcc.o(.text)
    RCC_PLLCmd                               0x08000911   Thumb Code     6  stm32f10x_rcc.o(.text)
    RCC_SYSCLKConfig                         0x08000917   Thumb Code    18  stm32f10x_rcc.o(.text)
    RCC_GetSYSCLKSource                      0x08000929   Thumb Code    10  stm32f10x_rcc.o(.text)
    RCC_HCLKConfig                           0x08000933   Thumb Code    18  stm32f10x_rcc.o(.text)
    RCC_PCLK1Config                          0x08000945   Thumb Code    18  stm32f10x_rcc.o(.text)
    RCC_PCLK2Config                          0x08000957   Thumb Code    20  stm32f10x_rcc.o(.text)
    RCC_ITConfig                             0x0800096b   Thumb Code    26  stm32f10x_rcc.o(.text)
    RCC_USBCLKConfig                         0x08000985   Thumb Code     8  stm32f10x_rcc.o(.text)
    RCC_ADCCLKConfig                         0x0800098d   Thumb Code    18  stm32f10x_rcc.o(.text)
    RCC_LSEConfig                            0x0800099f   Thumb Code    50  stm32f10x_rcc.o(.text)
    RCC_LSICmd                               0x080009d1   Thumb Code     6  stm32f10x_rcc.o(.text)
    RCC_RTCCLKConfig                         0x080009d7   Thumb Code    12  stm32f10x_rcc.o(.text)
    RCC_RTCCLKCmd                            0x080009e3   Thumb Code     8  stm32f10x_rcc.o(.text)
    RCC_GetClocksFreq                        0x080009eb   Thumb Code   192  stm32f10x_rcc.o(.text)
    RCC_AHBPeriphClockCmd                    0x08000aab   Thumb Code    26  stm32f10x_rcc.o(.text)
    RCC_APB2PeriphClockCmd                   0x08000ac5   Thumb Code    26  stm32f10x_rcc.o(.text)
    RCC_APB1PeriphClockCmd                   0x08000adf   Thumb Code    26  stm32f10x_rcc.o(.text)
    RCC_APB2PeriphResetCmd                   0x08000af9   Thumb Code    26  stm32f10x_rcc.o(.text)
    RCC_APB1PeriphResetCmd                   0x08000b13   Thumb Code    26  stm32f10x_rcc.o(.text)
    RCC_BackupResetCmd                       0x08000b2d   Thumb Code     8  stm32f10x_rcc.o(.text)
    RCC_ClockSecuritySystemCmd               0x08000b35   Thumb Code     6  stm32f10x_rcc.o(.text)
    RCC_MCOConfig                            0x08000b3b   Thumb Code     6  stm32f10x_rcc.o(.text)
    RCC_ClearFlag                            0x08000b41   Thumb Code    14  stm32f10x_rcc.o(.text)
    RCC_GetITStatus                          0x08000b4f   Thumb Code    20  stm32f10x_rcc.o(.text)
    RCC_ClearITPendingBit                    0x08000b63   Thumb Code     6  stm32f10x_rcc.o(.text)
    USART_DeInit                             0x08000b8d   Thumb Code   134  stm32f10x_usart.o(.text)
    USART_Init                               0x08000c13   Thumb Code   210  stm32f10x_usart.o(.text)
    USART_StructInit                         0x08000ce5   Thumb Code    24  stm32f10x_usart.o(.text)
    USART_ClockInit                          0x08000cfd   Thumb Code    34  stm32f10x_usart.o(.text)
    USART_ClockStructInit                    0x08000d1f   Thumb Code    12  stm32f10x_usart.o(.text)
    USART_Cmd                                0x08000d2b   Thumb Code    24  stm32f10x_usart.o(.text)
    USART_ITConfig                           0x08000d43   Thumb Code    74  stm32f10x_usart.o(.text)
    USART_DMACmd                             0x08000d8d   Thumb Code    18  stm32f10x_usart.o(.text)
    USART_SetAddress                         0x08000d9f   Thumb Code    18  stm32f10x_usart.o(.text)
    USART_WakeUpConfig                       0x08000db1   Thumb Code    18  stm32f10x_usart.o(.text)
    USART_ReceiverWakeUpCmd                  0x08000dc3   Thumb Code    24  stm32f10x_usart.o(.text)
    USART_LINBreakDetectLengthConfig         0x08000ddb   Thumb Code    18  stm32f10x_usart.o(.text)
    USART_LINCmd                             0x08000ded   Thumb Code    24  stm32f10x_usart.o(.text)
    USART_SendData                           0x08000e05   Thumb Code     8  stm32f10x_usart.o(.text)
    USART_ReceiveData                        0x08000e0d   Thumb Code    10  stm32f10x_usart.o(.text)
    USART_SendBreak                          0x08000e17   Thumb Code    10  stm32f10x_usart.o(.text)
    USART_SetGuardTime                       0x08000e21   Thumb Code    16  stm32f10x_usart.o(.text)
    USART_SetPrescaler                       0x08000e31   Thumb Code    16  stm32f10x_usart.o(.text)
    USART_SmartCardCmd                       0x08000e41   Thumb Code    24  stm32f10x_usart.o(.text)
    USART_SmartCardNACKCmd                   0x08000e59   Thumb Code    24  stm32f10x_usart.o(.text)
    USART_HalfDuplexCmd                      0x08000e71   Thumb Code    24  stm32f10x_usart.o(.text)
    USART_OverSampling8Cmd                   0x08000e89   Thumb Code    22  stm32f10x_usart.o(.text)
    USART_OneBitMethodCmd                    0x08000e9f   Thumb Code    24  stm32f10x_usart.o(.text)
    USART_IrDAConfig                         0x08000eb7   Thumb Code    18  stm32f10x_usart.o(.text)
    USART_IrDACmd                            0x08000ec9   Thumb Code    24  stm32f10x_usart.o(.text)
    USART_GetFlagStatus                      0x08000ee1   Thumb Code    26  stm32f10x_usart.o(.text)
    USART_ClearFlag                          0x08000efb   Thumb Code    18  stm32f10x_usart.o(.text)
    USART_GetITStatus                        0x08000f0d   Thumb Code    84  stm32f10x_usart.o(.text)
    USART_ClearITPendingBit                  0x08000f61   Thumb Code    52  stm32f10x_usart.o(.text)
    DAC_DeInit                               0x08000f95   Thumb Code    22  stm32f10x_dac.o(.text)
    DAC_Init                                 0x08000fab   Thumb Code    46  stm32f10x_dac.o(.text)
    DAC_StructInit                           0x08000fd9   Thumb Code    12  stm32f10x_dac.o(.text)
    DAC_Cmd                                  0x08000fe5   Thumb Code    34  stm32f10x_dac.o(.text)
    DAC_DMACmd                               0x08001007   Thumb Code    38  stm32f10x_dac.o(.text)
    DAC_SoftwareTriggerCmd                   0x0800102d   Thumb Code    48  stm32f10x_dac.o(.text)
    DAC_DualSoftwareTriggerCmd               0x0800105d   Thumb Code    38  stm32f10x_dac.o(.text)
    DAC_WaveGenerationCmd                    0x08001083   Thumb Code    36  stm32f10x_dac.o(.text)
    DAC_SetChannel1Data                      0x080010a7   Thumb Code    26  stm32f10x_dac.o(.text)
    DAC_SetChannel2Data                      0x080010c1   Thumb Code    26  stm32f10x_dac.o(.text)
    DAC_SetDualChannelData                   0x080010db   Thumb Code    32  stm32f10x_dac.o(.text)
    DAC_GetDataOutputValue                   0x080010fb   Thumb Code    32  stm32f10x_dac.o(.text)
    TIM_DeInit                               0x08001121   Thumb Code   424  stm32f10x_tim.o(.text)
    TIM_TimeBaseInit                         0x080012c9   Thumb Code   122  stm32f10x_tim.o(.text)
    TIM_OC1Init                              0x08001343   Thumb Code   132  stm32f10x_tim.o(.text)
    TIM_OC2Init                              0x080013c7   Thumb Code   154  stm32f10x_tim.o(.text)
    TIM_OC3Init                              0x08001461   Thumb Code   150  stm32f10x_tim.o(.text)
    TIM_OC4Init                              0x080014f7   Thumb Code   182  stm32f10x_tim.o(.text)
    TIM_SetIC4Prescaler                      0x080015ad   Thumb Code    26  stm32f10x_tim.o(.text)
    TIM_SetIC3Prescaler                      0x08001649   Thumb Code    18  stm32f10x_tim.o(.text)
    TIM_SetIC2Prescaler                      0x080016d5   Thumb Code    26  stm32f10x_tim.o(.text)
    TIM_SetIC1Prescaler                      0x08001771   Thumb Code    18  stm32f10x_tim.o(.text)
    TIM_ICInit                               0x080017ef   Thumb Code   150  stm32f10x_tim.o(.text)
    TIM_PWMIConfig                           0x08001885   Thumb Code   124  stm32f10x_tim.o(.text)
    TIM_BDTRConfig                           0x08001901   Thumb Code    32  stm32f10x_tim.o(.text)
    TIM_TimeBaseStructInit                   0x08001921   Thumb Code    18  stm32f10x_tim.o(.text)
    TIM_OCStructInit                         0x08001933   Thumb Code    20  stm32f10x_tim.o(.text)
    TIM_ICStructInit                         0x08001947   Thumb Code    18  stm32f10x_tim.o(.text)
    TIM_BDTRStructInit                       0x08001959   Thumb Code    40  stm32f10x_tim.o(.text)
    TIM_Cmd                                  0x08001981   Thumb Code    24  stm32f10x_tim.o(.text)
    TIM_CtrlPWMOutputs                       0x08001999   Thumb Code    30  stm32f10x_tim.o(.text)
    TIM_ITConfig                             0x080019b7   Thumb Code    18  stm32f10x_tim.o(.text)
    TIM_GenerateEvent                        0x080019c9   Thumb Code     4  stm32f10x_tim.o(.text)
    TIM_DMAConfig                            0x080019cd   Thumb Code    10  stm32f10x_tim.o(.text)
    TIM_DMACmd                               0x080019d7   Thumb Code    18  stm32f10x_tim.o(.text)
    TIM_InternalClockConfig                  0x080019e9   Thumb Code    12  stm32f10x_tim.o(.text)
    TIM_SelectInputTrigger                   0x080019f5   Thumb Code    18  stm32f10x_tim.o(.text)
    TIM_ITRxExternalClockConfig              0x08001a07   Thumb Code    24  stm32f10x_tim.o(.text)
    TIM_TIxExternalClockConfig               0x08001a1f   Thumb Code    62  stm32f10x_tim.o(.text)
    TIM_ETRConfig                            0x08001a5d   Thumb Code    28  stm32f10x_tim.o(.text)
    TIM_ETRClockMode1Config                  0x08001a79   Thumb Code    54  stm32f10x_tim.o(.text)
    TIM_ETRClockMode2Config                  0x08001aaf   Thumb Code    32  stm32f10x_tim.o(.text)
    TIM_PrescalerConfig                      0x08001acf   Thumb Code     6  stm32f10x_tim.o(.text)
    TIM_CounterModeConfig                    0x08001ad5   Thumb Code    18  stm32f10x_tim.o(.text)
    TIM_EncoderInterfaceConfig               0x08001ae7   Thumb Code    66  stm32f10x_tim.o(.text)
    TIM_ForcedOC1Config                      0x08001b29   Thumb Code    18  stm32f10x_tim.o(.text)
    TIM_ForcedOC2Config                      0x08001b3b   Thumb Code    26  stm32f10x_tim.o(.text)
    TIM_ForcedOC3Config                      0x08001b55   Thumb Code    18  stm32f10x_tim.o(.text)
    TIM_ForcedOC4Config                      0x08001b67   Thumb Code    26  stm32f10x_tim.o(.text)
    TIM_ARRPreloadConfig                     0x08001b81   Thumb Code    24  stm32f10x_tim.o(.text)
    TIM_SelectCOM                            0x08001b99   Thumb Code    24  stm32f10x_tim.o(.text)
    TIM_SelectCCDMA                          0x08001bb1   Thumb Code    24  stm32f10x_tim.o(.text)
    TIM_CCPreloadControl                     0x08001bc9   Thumb Code    24  stm32f10x_tim.o(.text)
    TIM_OC1PreloadConfig                     0x08001be1   Thumb Code    18  stm32f10x_tim.o(.text)
    TIM_OC2PreloadConfig                     0x08001bf3   Thumb Code    26  stm32f10x_tim.o(.text)
    TIM_OC3PreloadConfig                     0x08001c0d   Thumb Code    18  stm32f10x_tim.o(.text)
    TIM_OC4PreloadConfig                     0x08001c1f   Thumb Code    26  stm32f10x_tim.o(.text)
    TIM_OC1FastConfig                        0x08001c39   Thumb Code    18  stm32f10x_tim.o(.text)
    TIM_OC2FastConfig                        0x08001c4b   Thumb Code    26  stm32f10x_tim.o(.text)
    TIM_OC3FastConfig                        0x08001c65   Thumb Code    18  stm32f10x_tim.o(.text)
    TIM_OC4FastConfig                        0x08001c77   Thumb Code    26  stm32f10x_tim.o(.text)
    TIM_ClearOC1Ref                          0x08001c91   Thumb Code    18  stm32f10x_tim.o(.text)
    TIM_ClearOC2Ref                          0x08001ca3   Thumb Code    24  stm32f10x_tim.o(.text)
    TIM_ClearOC3Ref                          0x08001cbb   Thumb Code    18  stm32f10x_tim.o(.text)
    TIM_ClearOC4Ref                          0x08001ccd   Thumb Code    24  stm32f10x_tim.o(.text)
    TIM_OC1PolarityConfig                    0x08001ce5   Thumb Code    18  stm32f10x_tim.o(.text)
    TIM_OC1NPolarityConfig                   0x08001cf7   Thumb Code    18  stm32f10x_tim.o(.text)
    TIM_OC2PolarityConfig                    0x08001d09   Thumb Code    26  stm32f10x_tim.o(.text)
    TIM_OC2NPolarityConfig                   0x08001d23   Thumb Code    26  stm32f10x_tim.o(.text)
    TIM_OC3PolarityConfig                    0x08001d3d   Thumb Code    26  stm32f10x_tim.o(.text)
    TIM_OC3NPolarityConfig                   0x08001d57   Thumb Code    26  stm32f10x_tim.o(.text)
    TIM_OC4PolarityConfig                    0x08001d71   Thumb Code    26  stm32f10x_tim.o(.text)
    TIM_CCxCmd                               0x08001d8b   Thumb Code    30  stm32f10x_tim.o(.text)
    TIM_CCxNCmd                              0x08001da9   Thumb Code    30  stm32f10x_tim.o(.text)
    TIM_SelectOCxM                           0x08001dc7   Thumb Code    82  stm32f10x_tim.o(.text)
    TIM_UpdateDisableConfig                  0x08001e19   Thumb Code    24  stm32f10x_tim.o(.text)
    TIM_UpdateRequestConfig                  0x08001e31   Thumb Code    24  stm32f10x_tim.o(.text)
    TIM_SelectHallSensor                     0x08001e49   Thumb Code    24  stm32f10x_tim.o(.text)
    TIM_SelectOnePulseMode                   0x08001e61   Thumb Code    18  stm32f10x_tim.o(.text)
    TIM_SelectOutputTrigger                  0x08001e73   Thumb Code    18  stm32f10x_tim.o(.text)
    TIM_SelectSlaveMode                      0x08001e85   Thumb Code    18  stm32f10x_tim.o(.text)
    TIM_SelectMasterSlaveMode                0x08001e97   Thumb Code    18  stm32f10x_tim.o(.text)
    TIM_SetCounter                           0x08001ea9   Thumb Code     4  stm32f10x_tim.o(.text)
    TIM_SetAutoreload                        0x08001ead   Thumb Code     4  stm32f10x_tim.o(.text)
    TIM_SetCompare1                          0x08001eb1   Thumb Code     4  stm32f10x_tim.o(.text)
    TIM_SetCompare2                          0x08001eb5   Thumb Code     4  stm32f10x_tim.o(.text)
    TIM_SetCompare3                          0x08001eb9   Thumb Code     4  stm32f10x_tim.o(.text)
    TIM_SetCompare4                          0x08001ebd   Thumb Code     6  stm32f10x_tim.o(.text)
    TIM_SetClockDivision                     0x08001ec3   Thumb Code    18  stm32f10x_tim.o(.text)
    TIM_GetCapture1                          0x08001ed5   Thumb Code     6  stm32f10x_tim.o(.text)
    TIM_GetCapture2                          0x08001edb   Thumb Code     6  stm32f10x_tim.o(.text)
    TIM_GetCapture3                          0x08001ee1   Thumb Code     6  stm32f10x_tim.o(.text)
    TIM_GetCapture4                          0x08001ee7   Thumb Code     8  stm32f10x_tim.o(.text)
    TIM_GetCounter                           0x08001eef   Thumb Code     6  stm32f10x_tim.o(.text)
    TIM_GetPrescaler                         0x08001ef5   Thumb Code     6  stm32f10x_tim.o(.text)
    TIM_GetFlagStatus                        0x08001efb   Thumb Code    18  stm32f10x_tim.o(.text)
    TIM_ClearFlag                            0x08001f0d   Thumb Code     6  stm32f10x_tim.o(.text)
    TIM_GetITStatus                          0x08001f13   Thumb Code    34  stm32f10x_tim.o(.text)
    TIM_ClearITPendingBit                    0x08001f35   Thumb Code     6  stm32f10x_tim.o(.text)
    Reset_Handler                            0x08001f3d   Thumb Code     8  startup_stm32f10x_hd.o(.text)
    ADC1_2_IRQHandler                        0x08001f57   Thumb Code     0  startup_stm32f10x_hd.o(.text)
    ADC3_IRQHandler                          0x08001f57   Thumb Code     0  startup_stm32f10x_hd.o(.text)
    CAN1_RX1_IRQHandler                      0x08001f57   Thumb Code     0  startup_stm32f10x_hd.o(.text)
    CAN1_SCE_IRQHandler                      0x08001f57   Thumb Code     0  startup_stm32f10x_hd.o(.text)
    DMA1_Channel1_IRQHandler                 0x08001f57   Thumb Code     0  startup_stm32f10x_hd.o(.text)
    DMA1_Channel2_IRQHandler                 0x08001f57   Thumb Code     0  startup_stm32f10x_hd.o(.text)
    DMA1_Channel3_IRQHandler                 0x08001f57   Thumb Code     0  startup_stm32f10x_hd.o(.text)
    DMA1_Channel4_IRQHandler                 0x08001f57   Thumb Code     0  startup_stm32f10x_hd.o(.text)
    DMA1_Channel5_IRQHandler                 0x08001f57   Thumb Code     0  startup_stm32f10x_hd.o(.text)
    DMA1_Channel6_IRQHandler                 0x08001f57   Thumb Code     0  startup_stm32f10x_hd.o(.text)
    DMA1_Channel7_IRQHandler                 0x08001f57   Thumb Code     0  startup_stm32f10x_hd.o(.text)
    DMA2_Channel1_IRQHandler                 0x08001f57   Thumb Code     0  startup_stm32f10x_hd.o(.text)
    DMA2_Channel2_IRQHandler                 0x08001f57   Thumb Code     0  startup_stm32f10x_hd.o(.text)
    DMA2_Channel3_IRQHandler                 0x08001f57   Thumb Code     0  startup_stm32f10x_hd.o(.text)
    DMA2_Channel4_5_IRQHandler               0x08001f57   Thumb Code     0  startup_stm32f10x_hd.o(.text)
    EXTI0_IRQHandler                         0x08001f57   Thumb Code     0  startup_stm32f10x_hd.o(.text)
    EXTI15_10_IRQHandler                     0x08001f57   Thumb Code     0  startup_stm32f10x_hd.o(.text)
    EXTI1_IRQHandler                         0x08001f57   Thumb Code     0  startup_stm32f10x_hd.o(.text)
    EXTI2_IRQHandler                         0x08001f57   Thumb Code     0  startup_stm32f10x_hd.o(.text)
    EXTI3_IRQHandler                         0x08001f57   Thumb Code     0  startup_stm32f10x_hd.o(.text)
    EXTI4_IRQHandler                         0x08001f57   Thumb Code     0  startup_stm32f10x_hd.o(.text)
    EXTI9_5_IRQHandler                       0x08001f57   Thumb Code     0  startup_stm32f10x_hd.o(.text)
    FLASH_IRQHandler                         0x08001f57   Thumb Code     0  startup_stm32f10x_hd.o(.text)
    FSMC_IRQHandler                          0x08001f57   Thumb Code     0  startup_stm32f10x_hd.o(.text)
    I2C1_ER_IRQHandler                       0x08001f57   Thumb Code     0  startup_stm32f10x_hd.o(.text)
    I2C1_EV_IRQHandler                       0x08001f57   Thumb Code     0  startup_stm32f10x_hd.o(.text)
    I2C2_ER_IRQHandler                       0x08001f57   Thumb Code     0  startup_stm32f10x_hd.o(.text)
    I2C2_EV_IRQHandler                       0x08001f57   Thumb Code     0  startup_stm32f10x_hd.o(.text)
    PVD_IRQHandler                           0x08001f57   Thumb Code     0  startup_stm32f10x_hd.o(.text)
    RCC_IRQHandler                           0x08001f57   Thumb Code     0  startup_stm32f10x_hd.o(.text)
    RTCAlarm_IRQHandler                      0x08001f57   Thumb Code     0  startup_stm32f10x_hd.o(.text)
    RTC_IRQHandler                           0x08001f57   Thumb Code     0  startup_stm32f10x_hd.o(.text)
    SDIO_IRQHandler                          0x08001f57   Thumb Code     0  startup_stm32f10x_hd.o(.text)
    SPI1_IRQHandler                          0x08001f57   Thumb Code     0  startup_stm32f10x_hd.o(.text)
    SPI2_IRQHandler                          0x08001f57   Thumb Code     0  startup_stm32f10x_hd.o(.text)
    SPI3_IRQHandler                          0x08001f57   Thumb Code     0  startup_stm32f10x_hd.o(.text)
    TAMPER_IRQHandler                        0x08001f57   Thumb Code     0  startup_stm32f10x_hd.o(.text)
    TIM1_BRK_IRQHandler                      0x08001f57   Thumb Code     0  startup_stm32f10x_hd.o(.text)
    TIM1_CC_IRQHandler                       0x08001f57   Thumb Code     0  startup_stm32f10x_hd.o(.text)
    TIM1_TRG_COM_IRQHandler                  0x08001f57   Thumb Code     0  startup_stm32f10x_hd.o(.text)
    TIM1_UP_IRQHandler                       0x08001f57   Thumb Code     0  startup_stm32f10x_hd.o(.text)
    TIM2_IRQHandler                          0x08001f57   Thumb Code     0  startup_stm32f10x_hd.o(.text)
    TIM3_IRQHandler                          0x08001f57   Thumb Code     0  startup_stm32f10x_hd.o(.text)
    TIM4_IRQHandler                          0x08001f57   Thumb Code     0  startup_stm32f10x_hd.o(.text)
    TIM6_IRQHandler                          0x08001f57   Thumb Code     0  startup_stm32f10x_hd.o(.text)
    TIM7_IRQHandler                          0x08001f57   Thumb Code     0  startup_stm32f10x_hd.o(.text)
    TIM8_BRK_IRQHandler                      0x08001f57   Thumb Code     0  startup_stm32f10x_hd.o(.text)
    TIM8_CC_IRQHandler                       0x08001f57   Thumb Code     0  startup_stm32f10x_hd.o(.text)
    TIM8_TRG_COM_IRQHandler                  0x08001f57   Thumb Code     0  startup_stm32f10x_hd.o(.text)
    TIM8_UP_IRQHandler                       0x08001f57   Thumb Code     0  startup_stm32f10x_hd.o(.text)
    UART4_IRQHandler                         0x08001f57   Thumb Code     0  startup_stm32f10x_hd.o(.text)
    UART5_IRQHandler                         0x08001f57   Thumb Code     0  startup_stm32f10x_hd.o(.text)
    USART2_IRQHandler                        0x08001f57   Thumb Code     0  startup_stm32f10x_hd.o(.text)
    USART3_IRQHandler                        0x08001f57   Thumb Code     0  startup_stm32f10x_hd.o(.text)
    USBWakeUp_IRQHandler                     0x08001f57   Thumb Code     0  startup_stm32f10x_hd.o(.text)
    USB_HP_CAN1_TX_IRQHandler                0x08001f57   Thumb Code     0  startup_stm32f10x_hd.o(.text)
    USB_LP_CAN1_RX0_IRQHandler               0x08001f57   Thumb Code     0  startup_stm32f10x_hd.o(.text)
    WWDG_IRQHandler                          0x08001f57   Thumb Code     0  startup_stm32f10x_hd.o(.text)
    Dac_Init                                 0x08001f61   Thumb Code   114  dac.o(.text)
    Dac1_Set_Vol                             0x08001fd3   Thumb Code    14  dac.o(.text)
    Relay_Config                             0x08001fe1   Thumb Code    42  dac.o(.text)
    TIMX_General_User_Init                   0x0800201d   Thumb Code    86  time.o(.text)
    TIM5_IRQHandler                          0x08002073   Thumb Code   576  time.o(.text)
    lF_SetAmp                                0x080022f9   Thumb Code   102  lowfreq.o(.text)
    lF_SetFreq                               0x0800235f   Thumb Code    58  lowfreq.o(.text)
    lF_Delay                                 0x08002399   Thumb Code    26  lowfreq.o(.text)
    delay_init                               0x080023c1   Thumb Code    50  delay.o(.text)
    delay_us                                 0x080023f3   Thumb Code    72  delay.o(.text)
    delay_ms                                 0x0800243b   Thumb Code    72  delay.o(.text)
    _sys_exit                                0x08002495   Thumb Code     4  usart_1.o(.text)
    fputc                                    0x08002499   Thumb Code    24  usart_1.o(.text)
    uart_init                                0x080024b1   Thumb Code   152  usart_1.o(.text)
    USART1_IRQHandler                        0x08002549   Thumb Code   122  usart_1.o(.text)
    atoi                                     0x080025d5   Thumb Code    26  atoi.o(.text)
    __aeabi_fadd                             0x080025ef   Thumb Code   164  fadd.o(.text)
    __aeabi_fsub                             0x08002693   Thumb Code     6  fadd.o(.text)
    __aeabi_frsub                            0x08002699   Thumb Code     6  fadd.o(.text)
    __aeabi_fmul                             0x0800269f   Thumb Code   100  fmul.o(.text)
    __aeabi_fdiv                             0x08002703   Thumb Code   124  fdiv.o(.text)
    __aeabi_dadd                             0x0800277f   Thumb Code   322  dadd.o(.text)
    __aeabi_dsub                             0x080028c1   Thumb Code     6  dadd.o(.text)
    __aeabi_drsub                            0x080028c7   Thumb Code     6  dadd.o(.text)
    __aeabi_dmul                             0x080028cd   Thumb Code   228  dmul.o(.text)
    __aeabi_ddiv                             0x080029b1   Thumb Code   222  ddiv.o(.text)
    __aeabi_i2f                              0x08002a8f   Thumb Code    18  fflti.o(.text)
    __aeabi_ui2f                             0x08002aa1   Thumb Code    10  ffltui.o(.text)
    __aeabi_ui2d                             0x08002aab   Thumb Code    26  dfltui.o(.text)
    __aeabi_f2uiz                            0x08002ac5   Thumb Code    40  ffixui.o(.text)
    __aeabi_d2uiz                            0x08002aed   Thumb Code    50  dfixui.o(.text)
    __aeabi_f2d                              0x08002b1f   Thumb Code    38  f2d.o(.text)
    __aeabi_d2f                              0x08002b45   Thumb Code    56  d2f.o(.text)
    __aeabi_cfrcmple                         0x08002b7d   Thumb Code    20  cfrcmple.o(.text)
    __aeabi_llsl                             0x08002b91   Thumb Code    30  llshl.o(.text)
    _ll_shift_l                              0x08002b91   Thumb Code     0  llshl.o(.text)
    __aeabi_llsr                             0x08002baf   Thumb Code    32  llushr.o(.text)
    _ll_ushift_r                             0x08002baf   Thumb Code     0  llushr.o(.text)
    __aeabi_lasr                             0x08002bcf   Thumb Code    36  llsshr.o(.text)
    _ll_sshift_r                             0x08002bcf   Thumb Code     0  llsshr.o(.text)
    strtol                                   0x08002bf3   Thumb Code   112  strtol.o(.text)
    __I$use$fp                               0x08002c63   Thumb Code     0  iusefp.o(.text)
    _float_round                             0x08002c63   Thumb Code    18  fepilogue.o(.text)
    _float_epilogue                          0x08002c75   Thumb Code    92  fepilogue.o(.text)
    _double_round                            0x08002cd1   Thumb Code    30  depilogue.o(.text)
    _double_epilogue                         0x08002cef   Thumb Code   156  depilogue.o(.text)
    __scatterload                            0x08002d8d   Thumb Code    28  init.o(.text)
    __scatterload_rt2                        0x08002d8d   Thumb Code     0  init.o(.text)
    __rt_ctype_table                         0x08002db1   Thumb Code     4  ctype_o.o(.text)
    _strtoul                                 0x08002db9   Thumb Code   158  _strtoul.o(.text)
    __ARM_scalbn                             0x08002e57   Thumb Code    46  dscalb.o(.text)
    scalbn                                   0x08002e57   Thumb Code     0  dscalb.o(.text)
    __aeabi_i2d                              0x08002e85   Thumb Code    34  dflti.o(.text)
    __aeabi_d2iz                             0x08002ea7   Thumb Code    62  dfixi.o(.text)
    _chval                                   0x08002ee5   Thumb Code    28  _chval.o(.text)
    __ARM_fpclassify                         0x08002f01   Thumb Code    40  fpclassify.o(i.__ARM_fpclassify)
    __aeabi_errno_addr                       0x08002f29   Thumb Code     4  errno.o(i.__aeabi_errno_addr)
    __rt_errno_addr                          0x08002f29   Thumb Code     0  errno.o(i.__aeabi_errno_addr)
    __ieee754_rem_pio2                       0x08002f31   Thumb Code   828  rred.o(i.__ieee754_rem_pio2)
    __kernel_cos                             0x080032b9   Thumb Code   230  cos_i.o(i.__kernel_cos)
    __kernel_poly                            0x080033b5   Thumb Code   170  poly.o(i.__kernel_poly)
    __kernel_sin                             0x08003461   Thumb Code   224  sin_i.o(i.__kernel_sin)
    __mathlib_dbl_infnan                     0x0800354d   Thumb Code     6  dunder.o(i.__mathlib_dbl_infnan)
    __mathlib_dbl_invalid                    0x08003553   Thumb Code    12  dunder.o(i.__mathlib_dbl_invalid)
    __mathlib_dbl_underflow                  0x08003561   Thumb Code    10  dunder.o(i.__mathlib_dbl_underflow)
    __scatterload_copy                       0x08003571   Thumb Code    14  handlers.o(i.__scatterload_copy)
    __scatterload_null                       0x0800357f   Thumb Code     2  handlers.o(i.__scatterload_null)
    __scatterload_zeroinit                   0x08003581   Thumb Code    14  handlers.o(i.__scatterload_zeroinit)
    __set_errno                              0x08003591   Thumb Code     6  errno.o(i.__set_errno)
    cos                                      0x0800359d   Thumb Code   148  cos.o(i.cos)
    __ctype_table                            0x08003758   Data         129  ctype_o.o(.constdata)
    Region$$Table$$Base                      0x080037e0   Number         0  anon$$obj.o(Region$$Table)
    Region$$Table$$Limit                     0x08003800   Number         0  anon$$obj.o(Region$$Table)
    SystemCoreClock                          0x20000000   Data           4  system_stm32f10x.o(.data)
    AHBPrescTable                            0x20000004   Data          16  system_stm32f10x.o(.data)
    DAC_START_DEBUG                          0x2000003c   Data           1  variables.o(.data)
    DAC_END_DEBUG                            0x2000003d   Data           1  variables.o(.data)
    GLOBAL_VPP                               0x2000003e   Data           2  variables.o(.data)
    GLOBAL_FRE                               0x20000040   Data           2  variables.o(.data)
    GLOBAL_VREF                              0x20000042   Data           2  variables.o(.data)
    GLOBAL_AMP                               0x20000044   Data           2  variables.o(.data)
    WAVE_SIN_GENERATOR                       0x20000046   Data           1  variables.o(.data)
    WAVE_PRE_INCREMENT                       0x20000048   Data           4  variables.o(.data)
    WAVE_POINT_DELTA                         0x2000004c   Data           4  variables.o(.data)
    INTERACTIVE_MARK                         0x20000050   Data           1  variables.o(.data)
    __stdout                                 0x20000058   Data           4  usart_1.o(.data)
    USART_RX_STA                             0x2000005c   Data           2  usart_1.o(.data)
    USART_RX_BUF                             0x20000064   Data         200  usart_1.o(.bss)
    __initial_sp                             0x20000530   Data           0  startup_stm32f10x_hd.o(STACK)



==============================================================================

Memory Map of the image

  Image Entry point : 0x08000131

  Load Region LR_IROM1 (Base: 0x08000000, Size: 0x00003864, Max: 0x00040000, ABSOLUTE)

    Execution Region ER_IROM1 (Exec base: 0x08000000, Load base: 0x08000000, Size: 0x00003800, Max: 0x00040000, ABSOLUTE)

    Exec Addr    Load Addr    Size         Type   Attr      Idx    E Section Name        Object

    0x08000000   0x08000000   0x00000130   Data   RO          293    RESET               startup_stm32f10x_hd.o
    0x08000130   0x08000130   0x00000000   Code   RO          422  * .ARM.Collect$$$$00000000  mc_w.l(entry.o)
    0x08000130   0x08000130   0x00000004   Code   RO          483    .ARM.Collect$$$$00000001  mc_w.l(entry2.o)
    0x08000134   0x08000134   0x00000004   Code   RO          486    .ARM.Collect$$$$00000004  mc_w.l(entry5.o)
    0x08000138   0x08000138   0x00000000   Code   RO          488    .ARM.Collect$$$$00000008  mc_w.l(entry7b.o)
    0x08000138   0x08000138   0x00000000   Code   RO          490    .ARM.Collect$$$$0000000A  mc_w.l(entry8b.o)
    0x08000138   0x08000138   0x00000008   Code   RO          491    .ARM.Collect$$$$0000000B  mc_w.l(entry9a.o)
    0x08000140   0x08000140   0x00000004   Code   RO          498    .ARM.Collect$$$$0000000E  mc_w.l(entry12b.o)
    0x08000144   0x08000144   0x00000000   Code   RO          493    .ARM.Collect$$$$0000000F  mc_w.l(entry10a.o)
    0x08000144   0x08000144   0x00000000   Code   RO          495    .ARM.Collect$$$$00000011  mc_w.l(entry11a.o)
    0x08000144   0x08000144   0x00000004   Code   RO          484    .ARM.Collect$$$$00002712  mc_w.l(entry2.o)
    0x08000148   0x08000148   0x0000006c   Code   RO            1    .text               main.o
    0x080001b4   0x080001b4   0x0000001a   Code   RO           99    .text               stm32f10x_it.o
    0x080001ce   0x080001ce   0x00000002   PAD
    0x080001d0   0x080001d0   0x000001e0   Code   RO          114    .text               system_stm32f10x.o
    0x080003b0   0x080003b0   0x000000dc   Code   RO          132    .text               misc.o
    0x0800048c   0x0800048c   0x0000035c   Code   RO          167    .text               stm32f10x_gpio.o
    0x080007e8   0x080007e8   0x000003a4   Code   RO          179    .text               stm32f10x_rcc.o
    0x08000b8c   0x08000b8c   0x00000408   Code   RO          193    .text               stm32f10x_usart.o
    0x08000f94   0x08000f94   0x0000018c   Code   RO          229    .text               stm32f10x_dac.o
    0x08001120   0x08001120   0x00000e1a   Code   RO          268    .text               stm32f10x_tim.o
    0x08001f3a   0x08001f3a   0x00000002   PAD
    0x08001f3c   0x08001f3c   0x00000024   Code   RO          294    .text               startup_stm32f10x_hd.o
    0x08001f60   0x08001f60   0x000000bc   Code   RO          298    .text               dac.o
    0x0800201c   0x0800201c   0x000002dc   Code   RO          318    .text               time.o
    0x080022f8   0x080022f8   0x000000c8   Code   RO          349    .text               lowfreq.o
    0x080023c0   0x080023c0   0x000000d4   Code   RO          361    .text               delay.o
    0x08002494   0x08002494   0x00000140   Code   RO          391    .text               usart_1.o
    0x080025d4   0x080025d4   0x0000001a   Code   RO          425    .text               mc_w.l(atoi.o)
    0x080025ee   0x080025ee   0x000000b0   Code   RO          427    .text               mf_w.l(fadd.o)
    0x0800269e   0x0800269e   0x00000064   Code   RO          429    .text               mf_w.l(fmul.o)
    0x08002702   0x08002702   0x0000007c   Code   RO          431    .text               mf_w.l(fdiv.o)
    0x0800277e   0x0800277e   0x0000014e   Code   RO          433    .text               mf_w.l(dadd.o)
    0x080028cc   0x080028cc   0x000000e4   Code   RO          435    .text               mf_w.l(dmul.o)
    0x080029b0   0x080029b0   0x000000de   Code   RO          437    .text               mf_w.l(ddiv.o)
    0x08002a8e   0x08002a8e   0x00000012   Code   RO          439    .text               mf_w.l(fflti.o)
    0x08002aa0   0x08002aa0   0x0000000a   Code   RO          441    .text               mf_w.l(ffltui.o)
    0x08002aaa   0x08002aaa   0x0000001a   Code   RO          443    .text               mf_w.l(dfltui.o)
    0x08002ac4   0x08002ac4   0x00000028   Code   RO          445    .text               mf_w.l(ffixui.o)
    0x08002aec   0x08002aec   0x00000032   Code   RO          447    .text               mf_w.l(dfixui.o)
    0x08002b1e   0x08002b1e   0x00000026   Code   RO          449    .text               mf_w.l(f2d.o)
    0x08002b44   0x08002b44   0x00000038   Code   RO          451    .text               mf_w.l(d2f.o)
    0x08002b7c   0x08002b7c   0x00000014   Code   RO          453    .text               mf_w.l(cfrcmple.o)
    0x08002b90   0x08002b90   0x0000001e   Code   RO          499    .text               mc_w.l(llshl.o)
    0x08002bae   0x08002bae   0x00000020   Code   RO          501    .text               mc_w.l(llushr.o)
    0x08002bce   0x08002bce   0x00000024   Code   RO          503    .text               mc_w.l(llsshr.o)
    0x08002bf2   0x08002bf2   0x00000070   Code   RO          512    .text               mc_w.l(strtol.o)
    0x08002c62   0x08002c62   0x00000000   Code   RO          514    .text               mc_w.l(iusefp.o)
    0x08002c62   0x08002c62   0x0000006e   Code   RO          515    .text               mf_w.l(fepilogue.o)
    0x08002cd0   0x08002cd0   0x000000ba   Code   RO          517    .text               mf_w.l(depilogue.o)
    0x08002d8a   0x08002d8a   0x00000002   PAD
    0x08002d8c   0x08002d8c   0x00000024   Code   RO          523    .text               mc_w.l(init.o)
    0x08002db0   0x08002db0   0x00000008   Code   RO          525    .text               mc_w.l(ctype_o.o)
    0x08002db8   0x08002db8   0x0000009e   Code   RO          553    .text               mc_w.l(_strtoul.o)
    0x08002e56   0x08002e56   0x0000002e   Code   RO          555    .text               mf_w.l(dscalb.o)
    0x08002e84   0x08002e84   0x00000022   Code   RO          557    .text               mf_w.l(dflti.o)
    0x08002ea6   0x08002ea6   0x0000003e   Code   RO          559    .text               mf_w.l(dfixi.o)
    0x08002ee4   0x08002ee4   0x0000001c   Code   RO          561    .text               mc_w.l(_chval.o)
    0x08002f00   0x08002f00   0x00000028   Code   RO          519    i.__ARM_fpclassify  m_ws.l(fpclassify.o)
    0x08002f28   0x08002f28   0x00000008   Code   RO          505    i.__aeabi_errno_addr  mc_w.l(errno.o)
    0x08002f30   0x08002f30   0x00000388   Code   RO          472    i.__ieee754_rem_pio2  m_ws.l(rred.o)
    0x080032b8   0x080032b8   0x000000fc   Code   RO          455    i.__kernel_cos      m_ws.l(cos_i.o)
    0x080033b4   0x080033b4   0x000000aa   Code   RO          521    i.__kernel_poly     m_ws.l(poly.o)
    0x0800345e   0x0800345e   0x00000002   PAD
    0x08003460   0x08003460   0x000000ec   Code   RO          477    i.__kernel_sin      m_ws.l(sin_i.o)
    0x0800354c   0x0800354c   0x00000006   Code   RO          459    i.__mathlib_dbl_infnan  m_ws.l(dunder.o)
    0x08003552   0x08003552   0x0000000c   Code   RO          461    i.__mathlib_dbl_invalid  m_ws.l(dunder.o)
    0x0800355e   0x0800355e   0x00000002   PAD
    0x08003560   0x08003560   0x00000010   Code   RO          464    i.__mathlib_dbl_underflow  m_ws.l(dunder.o)
    0x08003570   0x08003570   0x0000000e   Code   RO          565    i.__scatterload_copy  mc_w.l(handlers.o)
    0x0800357e   0x0800357e   0x00000002   Code   RO          566    i.__scatterload_null  mc_w.l(handlers.o)
    0x08003580   0x08003580   0x0000000e   Code   RO          567    i.__scatterload_zeroinit  mc_w.l(handlers.o)
    0x0800358e   0x0800358e   0x00000002   PAD
    0x08003590   0x08003590   0x0000000c   Code   RO          507    i.__set_errno       mc_w.l(errno.o)
    0x0800359c   0x0800359c   0x0000009c   Code   RO          415    i.cos               m_ws.l(cos.o)
    0x08003638   0x08003638   0x00000030   Data   RO          456    .constdata          m_ws.l(cos_i.o)
    0x08003668   0x08003668   0x000000c8   Data   RO          474    .constdata          m_ws.l(rred.o)
    0x08003730   0x08003730   0x00000028   Data   RO          478    .constdata          m_ws.l(sin_i.o)
    0x08003758   0x08003758   0x00000081   Data   RO          526    .constdata          mc_w.l(ctype_o.o)
    0x080037d9   0x080037d9   0x00000003   PAD
    0x080037dc   0x080037dc   0x00000004   Data   RO          527    .constdata          mc_w.l(ctype_o.o)
    0x080037e0   0x080037e0   0x00000020   Data   RO          563    Region$$Table       anon$$obj.o


    Execution Region RW_IRAM1 (Exec base: 0x20000000, Load base: 0x08003800, Size: 0x00000530, Max: 0x0000c000, ABSOLUTE)

    Exec Addr    Load Addr    Size         Type   Attr      Idx    E Section Name        Object

    0x20000000   0x08003800   0x00000014   Data   RW          115    .data               system_stm32f10x.o
    0x20000014   0x08003814   0x00000014   Data   RW          180    .data               stm32f10x_rcc.o
    0x20000028   0x08003828   0x00000014   Data   RW          319    .data               time.o
    0x2000003c   0x0800383c   0x00000015   Data   RW          337    .data               variables.o
    0x20000051   0x08003851   0x00000001   PAD
    0x20000052   0x08003852   0x00000004   Data   RW          362    .data               delay.o
    0x20000056   0x08003856   0x00000002   PAD
    0x20000058   0x08003858   0x00000006   Data   RW          393    .data               usart_1.o
    0x2000005e   0x0800385e   0x00000002   PAD
    0x20000060   0x08003860   0x00000004   Data   RW          508    .data               mc_w.l(errno.o)
    0x20000064        -       0x000000c8   Zero   RW          392    .bss                usart_1.o
    0x2000012c   0x08003864   0x00000004   PAD
    0x20000130        -       0x00000400   Zero   RW          291    STACK               startup_stm32f10x_hd.o


==============================================================================

Image component sizes


      Code (inc. data)   RO Data    RW Data    ZI Data      Debug   Object Name

         0          0          0          0          0         32   core_cm3.o
       188         18          0          0          0        905   dac.o
       212         18          0          4          0       1055   delay.o
       200         14          0          0          0        980   lowfreq.o
       108         16          0          0          0     256267   main.o
       220         22          0          0          0     206493   misc.o
        36          8        304          0       1024        804   startup_stm32f10x_hd.o
       396          6          0          0          0       3634   stm32f10x_dac.o
       860         38          0          0          0       5709   stm32f10x_gpio.o
        26          0          0          0          0       1202   stm32f10x_it.o
       932         36          0         20          0       8892   stm32f10x_rcc.o
      3610         88          0          0          0      22816   stm32f10x_tim.o
      1032         22          0          0          0       8428   stm32f10x_usart.o
       480         38          0         20          0       1775   system_stm32f10x.o
       732         70          0         20          0       1041   time.o
       320         18          0          6        200       3222   usart_1.o
         0          0          0         21          0       1005   variables.o

    ----------------------------------------------------------------------
      9356        412        336         96       1228     524260   Object Totals
         0          0         32          0          0          0   (incl. Generated)
         4          0          0          5          4          0   (incl. Padding)

    ----------------------------------------------------------------------

      Code (inc. data)   RO Data    RW Data    ZI Data      Debug   Library Member Name

       156          8          0          0          0        104   cos.o
       252         22         48          0          0        124   cos_i.o
        34          6          0          0          0        204   dunder.o
        40          0          0          0          0         68   fpclassify.o
       170          0          0          0          0         96   poly.o
       904         76        200          0          0        140   rred.o
       236         12         40          0          0        128   sin_i.o
        28          0          0          0          0         68   _chval.o
       158          0          0          0          0         92   _strtoul.o
        26          0          0          0          0         80   atoi.o
         8          4        133          0          0         68   ctype_o.o
         0          0          0          0          0          0   entry.o
         0          0          0          0          0          0   entry10a.o
         0          0          0          0          0          0   entry11a.o
         4          0          0          0          0          0   entry12b.o
         8          4          0          0          0          0   entry2.o
         4          0          0          0          0          0   entry5.o
         0          0          0          0          0          0   entry7b.o
         0          0          0          0          0          0   entry8b.o
         8          4          0          0          0          0   entry9a.o
        20         10          0          4          0        136   errno.o
        30          0          0          0          0          0   handlers.o
        36          8          0          0          0         68   init.o
         0          0          0          0          0          0   iusefp.o
        30          0          0          0          0         68   llshl.o
        36          0          0          0          0         68   llsshr.o
        32          0          0          0          0         68   llushr.o
       112          0          0          0          0         88   strtol.o
        20          0          0          0          0         68   cfrcmple.o
        56          0          0          0          0         88   d2f.o
       334          0          0          0          0        148   dadd.o
       222          0          0          0          0        100   ddiv.o
       186          0          0          0          0        176   depilogue.o
        62          0          0          0          0         80   dfixi.o
        50          0          0          0          0         76   dfixui.o
        34          0          0          0          0         76   dflti.o
        26          0          0          0          0         76   dfltui.o
       228          0          0          0          0         96   dmul.o
        46          0          0          0          0         80   dscalb.o
        38          0          0          0          0         68   f2d.o
       176          0          0          0          0        140   fadd.o
       124          0          0          0          0         88   fdiv.o
       110          0          0          0          0        168   fepilogue.o
        40          0          0          0          0         68   ffixui.o
        18          0          0          0          0         68   fflti.o
        10          0          0          0          0         68   ffltui.o
       100          0          0          0          0         76   fmul.o

    ----------------------------------------------------------------------
      4220        154        424          4          0       3476   Library Totals
         8          0          3          0          0          0   (incl. Padding)

    ----------------------------------------------------------------------

      Code (inc. data)   RO Data    RW Data    ZI Data      Debug   Library Name

      1792        124        288          0          0        864   m_ws.l
       540         30        133          4          0        804   mc_w.l
      1880          0          0          0          0       1808   mf_w.l

    ----------------------------------------------------------------------
      4220        154        424          4          0       3476   Library Totals

    ----------------------------------------------------------------------

==============================================================================


      Code (inc. data)   RO Data    RW Data    ZI Data      Debug   

     13576        566        760        100       1228     524872   Grand Totals
     13576        566        760        100       1228     524872   ELF Image Totals
     13576        566        760        100          0          0   ROM Totals

==============================================================================

    Total RO  Size (Code + RO Data)                14336 (  14.00kB)
    Total RW  Size (RW Data + ZI Data)              1328 (   1.30kB)
    Total ROM Size (Code + RO Data + RW Data)      14436 (  14.10kB)

==============================================================================

