<html>
<body>
<pre>
<h1>µVision Build Log</h1>
<h2>Tool Versions:</h2>
IDE-Version: ¦ÌVision V5.34.0.0
Copyright (C) 2021 ARM Ltd and ARM Germany GmbH. All rights reserved.
License Information: JensenLin DELL, JensenLin, LIC=YA39H-WUT7D-TGK7T-RRDTZ-YCSLU-VKJ4Y
 
Tool Versions:
Toolchain:       MDK-ARM Plus  Version: 5.34.0.0
Toolchain Path:  D:\User_APP_Install\Keil5MDK\Installer\ARM\ARMCC\Bin
C Compiler:      Armcc.exe V5.06 update 7 (build 960)
Assembler:       Armasm.exe V5.06 update 7 (build 960)
Linker/Locator:  ArmLink.exe V5.06 update 7 (build 960)
Library Manager: ArmAr.exe V5.06 update 7 (build 960)
Hex Converter:   FromElf.exe V5.06 update 7 (build 960)
CPU DLL:         SARMCM3.DLL V5.34.0.0
Dialog DLL:      DCM.DLL V1.17.3.0
Target DLL:      STLink\ST-LINKIII-KEIL_SWO.dll V3.0.8.0
Dialog DLL:      TCM.DLL V1.48.0.0
 
<h2>Project:</h2>
C:\Users\DELL\Desktop\Ultra_LowFrequency_code\ReceivingCode_Version2\USER\template.uvprojx
Project File Date:  07/04/2023

<h2>Output:</h2>
*** Using Compiler 'V5.06 update 7 (build 960)', folder: 'D:\User_APP_Install\Keil5MDK\Installer\ARM\ARMCC\Bin'
Rebuild target 'Receiving'
Note: source file '..\SYSTEM\usart\usart.c' - object file renamed from '..\OBJ\usart.o' to '..\OBJ\usart_1.o'.
compiling stm32f10x_adc.c...
compiling stm32f10x_rtc.c...
compiling stm32f10x_dac.c...
compiling stm32f10x_tim.c...
compiling main.c...
main.c(19): warning:  #177-D: variable "t"  was declared but never referenced
  	u8 t = 0, len=0;	
main.c: 1 warning, 0 errors
compiling stm32f10x_usart.c...
assembling startup_stm32f10x_hd.s...
compiling stm32f10x_it.c...
compiling system_stm32f10x.c...
compiling misc.c...
compiling stm32f10x_gpio.c...
compiling stm32f10x_crc.c...
compiling stm32f10x_exti.c...
compiling stm32f10x_rcc.c...
compiling core_cm3.c...
compiling dac.c...
compiling time.c...
compiling usart_user.c...
compiling variables.c...
compiling lowFreq.c...
compiling delay.c...
compiling usart.c...
compiling sys.c...
linking...
Program Size: Code=13576 RO-data=760 RW-data=100 ZI-data=1228  
FromELF: creating hex file...
"..\OBJ\template.axf" - 0 Error(s), 1 Warning(s).

<h2>Software Packages used:</h2>

Package Vendor: Keil
                http://www.keil.com/pack/Keil.STM32F1xx_DFP.2.2.0.pack
                Keil.STM32F1xx_DFP.2.2.0
                STMicroelectronics STM32F1 Series Device Support, Drivers and Examples

<h2>Collection of Component include folders:</h2>
  D:\User_APP_Install\Keil5MDK\Packs\Keil\STM32F1xx_DFP\2.2.0\Device\Include

<h2>Collection of Component Files used:</h2>
Build Time Elapsed:  00:00:01
</pre>
</body>
</html>
